// Jest Snapshot v1, https://goo.gl/fbAQLP

exports[`Modal Suite Snapshot image 1`] = `
ShallowWrapper {
  Symbol(enzyme.__root__): [Circular],
  Symbol(enzyme.__unrendered__): <Modal />,
  Symbol(enzyme.__renderer__): Object {
    "batchedUpdates": [Function],
    "checkPropTypes": [Function],
    "getNode": [Function],
    "render": [Function],
    "simulateError": [Function],
    "simulateEvent": [Function],
    "unmount": [Function],
  },
  Symbol(enzyme.__node__): Object {
    "instance": null,
    "key": undefined,
    "nodeType": "function",
    "props": Object {
      "children": <Unknown
        background="rgb(255,255,255)"
        full={false}
        position={
                Object {
                        "left": "50%",
                        "top": "50%",
                        "transform": "translate(-50%, -50%)",
                      }
        }
>
        <Unknown
                separator={false}
        >
                <Unknown>
                        <h3 />
                </Unknown>
                <Unknown
                        className="func-close"
                        onClick={null}
                >
                        <AiOutlineClose
                                color="rgba(0,0,0,0.6)"
                                size={25}
                        />
                </Unknown>
        </Unknown>
        <Unknown
                padding="10px"
        />
</Unknown>,
      "id": "cap-modal",
    },
    "ref": null,
    "rendered": Object {
      "instance": null,
      "key": undefined,
      "nodeType": "function",
      "props": Object {
        "background": "rgb(255,255,255)",
        "children": Array [
          <Unknown
            separator={false}
>
            <Unknown>
                        <h3 />
            </Unknown>
            <Unknown
                        className="func-close"
                        onClick={null}
            >
                        <AiOutlineClose
                                    color="rgba(0,0,0,0.6)"
                                    size={25}
                        />
            </Unknown>
</Unknown>,
          <Unknown
            padding="10px"
/>,
        ],
        "full": false,
        "position": Object {
          "left": "50%",
          "top": "50%",
          "transform": "translate(-50%, -50%)",
        },
      },
      "ref": Object {
        "current": null,
      },
      "rendered": Array [
        Object {
          "instance": null,
          "key": undefined,
          "nodeType": "function",
          "props": Object {
            "children": Array [
              <Unknown>
                <h3 />
</Unknown>,
              <Unknown
                className="func-close"
                onClick={null}
>
                <AiOutlineClose
                                color="rgba(0,0,0,0.6)"
                                size={25}
                />
</Unknown>,
            ],
            "separator": false,
          },
          "ref": null,
          "rendered": Array [
            Object {
              "instance": null,
              "key": undefined,
              "nodeType": "function",
              "props": Object {
                "children": <h3 />,
              },
              "ref": null,
              "rendered": Object {
                "instance": null,
                "key": undefined,
                "nodeType": "host",
                "props": Object {
                  "children": "",
                },
                "ref": null,
                "rendered": "",
                "type": "h3",
              },
              "type": Object {
                "$$typeof": Symbol(react.forward_ref),
                "attrs": Array [],
                "componentStyle": ComponentStyle {
                  "componentId": "sc-ifAKCX",
                  "isStatic": false,
                  "lastClassName": "eDacmc",
                  "rules": Array [
                    "
  grid-column: 2/3;
  justify-self: center;
  align-self: center;
",
                  ],
                },
                "displayName": "styled.div",
                "foldedComponentIds": Array [],
                "render": [Function],
                "styledComponentId": "sc-ifAKCX",
                "target": "div",
                "toString": [Function],
                "warnTooManyClasses": [Function],
                "withComponent": [Function],
              },
            },
            Object {
              "instance": null,
              "key": undefined,
              "nodeType": "function",
              "props": Object {
                "children": <AiOutlineClose
                  color="rgba(0,0,0,0.6)"
                  size={25}
/>,
                "className": "func-close",
                "onClick": null,
              },
              "ref": null,
              "rendered": Object {
                "instance": null,
                "key": undefined,
                "nodeType": "function",
                "props": Object {
                  "color": "rgba(0,0,0,0.6)",
                  "size": 25,
                },
                "ref": null,
                "rendered": null,
                "type": [Function],
              },
              "type": Object {
                "$$typeof": Symbol(react.forward_ref),
                "attrs": Array [],
                "componentStyle": ComponentStyle {
                  "componentId": "sc-EHOje",
                  "isStatic": false,
                  "lastClassName": "hwGnud",
                  "rules": Array [
                    "
  grid-column: 3/4;
  justify-self: end;
  align-self: center;
  display: flex;
  align-items: center;
  padding: 5px;
  &:hover {
    background: rgba(228, 230, 235, 1);
    border-radius: 50%;
    cursor: pointer;
  }
",
                  ],
                },
                "displayName": "styled.div",
                "foldedComponentIds": Array [],
                "render": [Function],
                "styledComponentId": "sc-EHOje",
                "target": "div",
                "toString": [Function],
                "warnTooManyClasses": [Function],
                "withComponent": [Function],
              },
            },
          ],
          "type": Object {
            "$$typeof": Symbol(react.forward_ref),
            "attrs": Array [],
            "componentStyle": ComponentStyle {
              "componentId": "sc-htpNat",
              "isStatic": false,
              "lastClassName": "bXFFEE",
              "rules": Array [
                "
  display: grid;
  grid-template-columns: 50px 1fr 50px;
  padding: 10px 15px;
  border-bottom: ",
                [Function],
                ";
  color: #000;
",
              ],
            },
            "displayName": "styled.div",
            "foldedComponentIds": Array [],
            "render": [Function],
            "styledComponentId": "sc-htpNat",
            "target": "div",
            "toString": [Function],
            "warnTooManyClasses": [Function],
            "withComponent": [Function],
          },
        },
        Object {
          "instance": null,
          "key": undefined,
          "nodeType": "function",
          "props": Object {
            "children": undefined,
            "padding": "10px",
          },
          "ref": null,
          "rendered": null,
          "type": Object {
            "$$typeof": Symbol(react.forward_ref),
            "attrs": Array [],
            "componentStyle": ComponentStyle {
              "componentId": "sc-bxivhb",
              "isStatic": false,
              "lastClassName": "hIfEnT",
              "rules": Array [
                "
  padding: ",
                [Function],
                ";
",
              ],
            },
            "displayName": "styled.div",
            "foldedComponentIds": Array [],
            "render": [Function],
            "styledComponentId": "sc-bxivhb",
            "target": "div",
            "toString": [Function],
            "warnTooManyClasses": [Function],
            "withComponent": [Function],
          },
        },
      ],
      "type": Object {
        "$$typeof": Symbol(react.forward_ref),
        "attrs": Array [],
        "componentStyle": ComponentStyle {
          "componentId": "sc-bwzfXH",
          "isStatic": false,
          "lastClassName": "kaDPzj",
          "rules": Array [
            "
  border-radius: 3px;
  min-width: 320px;
  max-width: 90%;
  max-height: ",
            [Function],
            ";
  height: ",
            [Function],
            ";
  overflow: scroll;
  background: ",
            [Function],
            ";
  display: flex;
  flex-direction: column;
  overflow: auto;

  position: absolute;
  top: ",
            [Function],
            ";
  left: ",
            [Function],
            ";
  right: ",
            [Function],
            ";
  bottom: ",
            [Function],
            ";
  transform: ",
            [Function],
            ";
",
          ],
        },
        "displayName": "styled.div",
        "foldedComponentIds": Array [],
        "render": [Function],
        "styledComponentId": "sc-bwzfXH",
        "target": "div",
        "toString": [Function],
        "warnTooManyClasses": [Function],
        "withComponent": [Function],
      },
    },
    "type": Object {
      "$$typeof": Symbol(react.forward_ref),
      "attrs": Array [],
      "componentStyle": ComponentStyle {
        "componentId": "sc-bdVaJa",
        "isStatic": false,
        "lastClassName": "laammi",
        "rules": Array [
          "
  position: fixed;
  top: 0;
  bottom: 0;
  left: 0;
  right: 0;
  z-index: 200;
  background: rgba(0, 0, 0, 0.5);
",
        ],
      },
      "displayName": "styled.div",
      "foldedComponentIds": Array [],
      "render": [Function],
      "styledComponentId": "sc-bdVaJa",
      "target": "div",
      "toString": [Function],
      "warnTooManyClasses": [Function],
      "withComponent": [Function],
    },
  },
  Symbol(enzyme.__nodes__): Array [
    Object {
      "instance": null,
      "key": undefined,
      "nodeType": "function",
      "props": Object {
        "children": <Unknown
          background="rgb(255,255,255)"
          full={false}
          position={
                    Object {
                              "left": "50%",
                              "top": "50%",
                              "transform": "translate(-50%, -50%)",
                            }
          }
>
          <Unknown
                    separator={false}
          >
                    <Unknown>
                              <h3 />
                    </Unknown>
                    <Unknown
                              className="func-close"
                              onClick={null}
                    >
                              <AiOutlineClose
                                        color="rgba(0,0,0,0.6)"
                                        size={25}
                              />
                    </Unknown>
          </Unknown>
          <Unknown
                    padding="10px"
          />
</Unknown>,
        "id": "cap-modal",
      },
      "ref": null,
      "rendered": Object {
        "instance": null,
        "key": undefined,
        "nodeType": "function",
        "props": Object {
          "background": "rgb(255,255,255)",
          "children": Array [
            <Unknown
              separator={false}
>
              <Unknown>
                            <h3 />
              </Unknown>
              <Unknown
                            className="func-close"
                            onClick={null}
              >
                            <AiOutlineClose
                                          color="rgba(0,0,0,0.6)"
                                          size={25}
                            />
              </Unknown>
</Unknown>,
            <Unknown
              padding="10px"
/>,
          ],
          "full": false,
          "position": Object {
            "left": "50%",
            "top": "50%",
            "transform": "translate(-50%, -50%)",
          },
        },
        "ref": Object {
          "current": null,
        },
        "rendered": Array [
          Object {
            "instance": null,
            "key": undefined,
            "nodeType": "function",
            "props": Object {
              "children": Array [
                <Unknown>
                  <h3 />
</Unknown>,
                <Unknown
                  className="func-close"
                  onClick={null}
>
                  <AiOutlineClose
                                    color="rgba(0,0,0,0.6)"
                                    size={25}
                  />
</Unknown>,
              ],
              "separator": false,
            },
            "ref": null,
            "rendered": Array [
              Object {
                "instance": null,
                "key": undefined,
                "nodeType": "function",
                "props": Object {
                  "children": <h3 />,
                },
                "ref": null,
                "rendered": Object {
                  "instance": null,
                  "key": undefined,
                  "nodeType": "host",
                  "props": Object {
                    "children": "",
                  },
                  "ref": null,
                  "rendered": "",
                  "type": "h3",
                },
                "type": Object {
                  "$$typeof": Symbol(react.forward_ref),
                  "attrs": Array [],
                  "componentStyle": ComponentStyle {
                    "componentId": "sc-ifAKCX",
                    "isStatic": false,
                    "lastClassName": "eDacmc",
                    "rules": Array [
                      "
  grid-column: 2/3;
  justify-self: center;
  align-self: center;
",
                    ],
                  },
                  "displayName": "styled.div",
                  "foldedComponentIds": Array [],
                  "render": [Function],
                  "styledComponentId": "sc-ifAKCX",
                  "target": "div",
                  "toString": [Function],
                  "warnTooManyClasses": [Function],
                  "withComponent": [Function],
                },
              },
              Object {
                "instance": null,
                "key": undefined,
                "nodeType": "function",
                "props": Object {
                  "children": <AiOutlineClose
                    color="rgba(0,0,0,0.6)"
                    size={25}
/>,
                  "className": "func-close",
                  "onClick": null,
                },
                "ref": null,
                "rendered": Object {
                  "instance": null,
                  "key": undefined,
                  "nodeType": "function",
                  "props": Object {
                    "color": "rgba(0,0,0,0.6)",
                    "size": 25,
                  },
                  "ref": null,
                  "rendered": null,
                  "type": [Function],
                },
                "type": Object {
                  "$$typeof": Symbol(react.forward_ref),
                  "attrs": Array [],
                  "componentStyle": ComponentStyle {
                    "componentId": "sc-EHOje",
                    "isStatic": false,
                    "lastClassName": "hwGnud",
                    "rules": Array [
                      "
  grid-column: 3/4;
  justify-self: end;
  align-self: center;
  display: flex;
  align-items: center;
  padding: 5px;
  &:hover {
    background: rgba(228, 230, 235, 1);
    border-radius: 50%;
    cursor: pointer;
  }
",
                    ],
                  },
                  "displayName": "styled.div",
                  "foldedComponentIds": Array [],
                  "render": [Function],
                  "styledComponentId": "sc-EHOje",
                  "target": "div",
                  "toString": [Function],
                  "warnTooManyClasses": [Function],
                  "withComponent": [Function],
                },
              },
            ],
            "type": Object {
              "$$typeof": Symbol(react.forward_ref),
              "attrs": Array [],
              "componentStyle": ComponentStyle {
                "componentId": "sc-htpNat",
                "isStatic": false,
                "lastClassName": "bXFFEE",
                "rules": Array [
                  "
  display: grid;
  grid-template-columns: 50px 1fr 50px;
  padding: 10px 15px;
  border-bottom: ",
                  [Function],
                  ";
  color: #000;
",
                ],
              },
              "displayName": "styled.div",
              "foldedComponentIds": Array [],
              "render": [Function],
              "styledComponentId": "sc-htpNat",
              "target": "div",
              "toString": [Function],
              "warnTooManyClasses": [Function],
              "withComponent": [Function],
            },
          },
          Object {
            "instance": null,
            "key": undefined,
            "nodeType": "function",
            "props": Object {
              "children": undefined,
              "padding": "10px",
            },
            "ref": null,
            "rendered": null,
            "type": Object {
              "$$typeof": Symbol(react.forward_ref),
              "attrs": Array [],
              "componentStyle": ComponentStyle {
                "componentId": "sc-bxivhb",
                "isStatic": false,
                "lastClassName": "hIfEnT",
                "rules": Array [
                  "
  padding: ",
                  [Function],
                  ";
",
                ],
              },
              "displayName": "styled.div",
              "foldedComponentIds": Array [],
              "render": [Function],
              "styledComponentId": "sc-bxivhb",
              "target": "div",
              "toString": [Function],
              "warnTooManyClasses": [Function],
              "withComponent": [Function],
            },
          },
        ],
        "type": Object {
          "$$typeof": Symbol(react.forward_ref),
          "attrs": Array [],
          "componentStyle": ComponentStyle {
            "componentId": "sc-bwzfXH",
            "isStatic": false,
            "lastClassName": "kaDPzj",
            "rules": Array [
              "
  border-radius: 3px;
  min-width: 320px;
  max-width: 90%;
  max-height: ",
              [Function],
              ";
  height: ",
              [Function],
              ";
  overflow: scroll;
  background: ",
              [Function],
              ";
  display: flex;
  flex-direction: column;
  overflow: auto;

  position: absolute;
  top: ",
              [Function],
              ";
  left: ",
              [Function],
              ";
  right: ",
              [Function],
              ";
  bottom: ",
              [Function],
              ";
  transform: ",
              [Function],
              ";
",
            ],
          },
          "displayName": "styled.div",
          "foldedComponentIds": Array [],
          "render": [Function],
          "styledComponentId": "sc-bwzfXH",
          "target": "div",
          "toString": [Function],
          "warnTooManyClasses": [Function],
          "withComponent": [Function],
        },
      },
      "type": Object {
        "$$typeof": Symbol(react.forward_ref),
        "attrs": Array [],
        "componentStyle": ComponentStyle {
          "componentId": "sc-bdVaJa",
          "isStatic": false,
          "lastClassName": "laammi",
          "rules": Array [
            "
  position: fixed;
  top: 0;
  bottom: 0;
  left: 0;
  right: 0;
  z-index: 200;
  background: rgba(0, 0, 0, 0.5);
",
          ],
        },
        "displayName": "styled.div",
        "foldedComponentIds": Array [],
        "render": [Function],
        "styledComponentId": "sc-bdVaJa",
        "target": "div",
        "toString": [Function],
        "warnTooManyClasses": [Function],
        "withComponent": [Function],
      },
    },
  ],
  Symbol(enzyme.__options__): Object {
    "adapter": ReactSixteenAdapter {
      "options": Object {
        "enableComponentDidUpdateOnSetState": true,
        "legacyContextMode": "parent",
        "lifecycles": Object {
          "componentDidUpdate": Object {
            "onSetState": true,
          },
          "getChildContext": Object {
            "calledByRenderer": false,
          },
          "getDerivedStateFromError": true,
          "getDerivedStateFromProps": Object {
            "hasShouldComponentUpdateBug": false,
          },
          "getSnapshotBeforeUpdate": true,
          "setState": Object {
            "skipsComponentDidUpdateOnNullish": true,
          },
        },
      },
    },
    Symbol(enzyme.__providerValues__): undefined,
  },
  Symbol(enzyme.__providerValues__): Map {},
}
`;
